CCS PCM C Compiler, Version 4.032, 62930               12-abr-14 16:56

               Filename: C:\Users\Jota\Desktop\joyDev\joydevs\Code\controlAvance.lst

               ROM used: 72 words (1%)
                         Largest free fragment is 2048
               RAM used: 7 (2%) at main() level
                         7 (2%) worst case
               Stack:    0 locations

*
0000:  MOVLW  00
0001:  MOVWF  0A
0002:  GOTO   004
0003:  NOP
....................  
.................... #include <16f877a.h> 
.................... //////// Standard Header file for the PIC16F877A device //////////////// 
.................... #device PIC16F877A 
.................... #list 
....................  
.................... #fuses HS,NOWDT,NOBROWNOUT,NOCPD,NODEBUG 
.................... #USE delay (clock=20M) 
.................... #USE FAST_IO(D) 
.................... #USE FAST_IO(C) 
....................  
.................... #byte pd=0x08 
.................... #byte pc=0x07 
.................... #byte pb=0x06 
....................  
.................... #define ARRIBA pin_b0 
.................... #define DERECHA pin_b1 
.................... #define ABAJO pin_b2 
.................... #define IZQUIERDA pin_b3 
.................... #define BTN_pin_b4 
.................... #define BTN_pin_b5 
.................... //emision del pic al l293 
.................... #define ATRAS_1_UP pin_d0 
.................... #define ATRAS_1_DOWN pin_d1 
.................... #define ATRAS_2_UP pin_d2 
.................... #define ATRAS_2_DOWN pin_d3 
.................... ///// 
.................... #define ATRAS_3_UP pin_d4 
.................... #define ATRAS_3_DOWN pin_d5 
.................... #define ATRAS_4_UP pin_d6 
.................... #define ATRAS_4_DOWN pin_d7 
....................  
.................... #define MOTORIZQ pin_c0 
.................... #define MOTORDER pin_c1 
....................  
.................... #define DERECHA1 
....................  
.................... void main(){ 
0004:  CLRF   04
0005:  BCF    03.7
0006:  MOVLW  1F
0007:  ANDWF  03,F
0008:  BSF    03.5
0009:  BSF    1F.0
000A:  BSF    1F.1
000B:  BSF    1F.2
000C:  BCF    1F.3
000D:  MOVLW  07
000E:  MOVWF  1C
....................    pd = 0; 
000F:  BCF    03.5
0010:  CLRF   08
....................    pb = 0; 
0011:  CLRF   06
....................    pc = 0; 
0012:  CLRF   07
....................    port_b_pullups(0); 
0013:  BSF    03.5
0014:  BSF    01.7
....................    set_tris_b(0b11111111); 
0015:  MOVLW  FF
0016:  MOVWF  06
....................    set_tris_d(0b00000000); 
0017:  MOVLW  00
0018:  MOVWF  08
....................    set_tris_c(0b00000000); 
0019:  MOVWF  07
....................    while (TRUE) { 
....................       if (input(ARRIBA)==1){ 
001A:  BSF    06.0
001B:  BCF    03.5
001C:  BTFSS  06.0
001D:  GOTO   023
....................          output_high(ATRAS_1_UP); 
001E:  BSF    08.0
....................          output_high(ATRAS_2_UP); 
001F:  BSF    08.2
....................          output_high(ATRAS_3_UP); 
0020:  BSF    08.4
....................          output_high(ATRAS_4_UP); 
0021:  BSF    08.6
....................       } 
....................       else{ 
0022:  GOTO   027
....................          output_low(ATRAS_1_UP); 
0023:  BCF    08.0
....................          output_low(ATRAS_2_UP); 
0024:  BCF    08.2
....................          output_low(ATRAS_3_UP); 
0025:  BCF    08.4
....................          output_low(ATRAS_4_UP); 
0026:  BCF    08.6
....................       } 
....................       if(input(ABAJO)==1){ 
0027:  BSF    03.5
0028:  BSF    06.2
0029:  BCF    03.5
002A:  BTFSS  06.2
002B:  GOTO   031
....................          output_high(ATRAS_1_DOWN); 
002C:  BSF    08.1
....................          output_high(ATRAS_2_DOWN); 
002D:  BSF    08.3
....................          output_high(ATRAS_3_DOWN); 
002E:  BSF    08.5
....................          output_high(ATRAS_4_DOWN); 
002F:  BSF    08.7
....................       } 
....................       else{ 
0030:  GOTO   035
....................          output_low(ATRAS_1_DOWN); 
0031:  BCF    08.1
....................          output_low(ATRAS_2_DOWN); 
0032:  BCF    08.3
....................          output_low(ATRAS_3_DOWN); 
0033:  BCF    08.5
....................          output_low(ATRAS_4_DOWN); 
0034:  BCF    08.7
....................       } 
....................       if(input(DERECHA) == 1){ 
0035:  BSF    03.5
0036:  BSF    06.1
0037:  BCF    03.5
0038:  BTFSS  06.1
0039:  GOTO   03C
....................          output_high(MOTORDER); 
003A:  BSF    07.1
....................       } 
....................       else{ 
003B:  GOTO   03D
....................          output_low(MOTORDER); 
003C:  BCF    07.1
....................       } 
....................       if (input(IZQUIERDA) ==1){ 
003D:  BSF    03.5
003E:  BSF    06.3
003F:  BCF    03.5
0040:  BTFSS  06.3
0041:  GOTO   044
....................          output_high(MOTORIZQ); 
0042:  BSF    07.0
....................       } else { 
0043:  GOTO   045
....................          output_low(MOTORIZQ); 
0044:  BCF    07.0
....................       } 
....................        
....................    } 
0045:  BSF    03.5
0046:  GOTO   01A
.................... } 
0047:  SLEEP

Configuration Fuses:
   Word  1: 3F32   HS NOWDT PUT NODEBUG NOPROTECT NOBROWNOUT NOLVP NOCPD NOWRT
